Archive member included to satisfy reference by file (symbol)

c:/program files (x86)/avr-gcc-12.0.1/bin/../lib/gcc/avr/12.1.0/avr6\libgcc.a(_divmodhi4.o)
                              obj\Debug\h_bridge.o (__divmodhi4)
c:/program files (x86)/avr-gcc-12.0.1/bin/../lib/gcc/avr/12.1.0/avr6\libgcc.a(_divmodsi4.o)
                              obj\Debug\h_bridge3.o (__divmodsi4)
c:/program files (x86)/avr-gcc-12.0.1/bin/../lib/gcc/avr/12.1.0/avr6\libgcc.a(_negsi2.o)
                              c:/program files (x86)/avr-gcc-12.0.1/bin/../lib/gcc/avr/12.1.0/avr6\libgcc.a(_divmodsi4.o) (__negsi2)
c:/program files (x86)/avr-gcc-12.0.1/bin/../lib/gcc/avr/12.1.0/avr6\libgcc.a(_exit.o)
                              c:/program files (x86)/avr-gcc-12.0.1/bin/../lib/gcc/avr/12.1.0/../../../../avr/lib/avr6/crtatmega2560.o (exit)
c:/program files (x86)/avr-gcc-12.0.1/bin/../lib/gcc/avr/12.1.0/avr6\libgcc.a(_copy_data.o)
                              obj\Debug\main.o (__do_copy_data)
c:/program files (x86)/avr-gcc-12.0.1/bin/../lib/gcc/avr/12.1.0/avr6\libgcc.a(_muluhisi3.o)
                              obj\Debug\h_bridge3.o (__muluhisi3)
c:/program files (x86)/avr-gcc-12.0.1/bin/../lib/gcc/avr/12.1.0/avr6\libgcc.a(_udivmodhi4.o)
                              c:/program files (x86)/avr-gcc-12.0.1/bin/../lib/gcc/avr/12.1.0/avr6\libgcc.a(_divmodhi4.o) (__udivmodhi4)
c:/program files (x86)/avr-gcc-12.0.1/bin/../lib/gcc/avr/12.1.0/avr6\libgcc.a(_udivmodsi4.o)
                              c:/program files (x86)/avr-gcc-12.0.1/bin/../lib/gcc/avr/12.1.0/avr6\libgcc.a(_divmodsi4.o) (__udivmodsi4)
c:/program files (x86)/avr-gcc-12.0.1/bin/../lib/gcc/avr/12.1.0/avr6\libgcc.a(_umulhisi3.o)
                              c:/program files (x86)/avr-gcc-12.0.1/bin/../lib/gcc/avr/12.1.0/avr6\libgcc.a(_muluhisi3.o) (__umulhisi3)
c:/program files (x86)/avr-gcc-12.0.1/bin/../lib/gcc/avr/12.1.0/../../../../avr/lib/avr6\libm.a(cmpsf2.o)
                              obj\Debug\main.o (__ltsf2)
c:/program files (x86)/avr-gcc-12.0.1/bin/../lib/gcc/avr/12.1.0/../../../../avr/lib/avr6\libm.a(fixunssfsi.o)
                              obj\Debug\main.o (__fixunssfsi)
c:/program files (x86)/avr-gcc-12.0.1/bin/../lib/gcc/avr/12.1.0/../../../../avr/lib/avr6\libm.a(fp_cmp.o)
                              c:/program files (x86)/avr-gcc-12.0.1/bin/../lib/gcc/avr/12.1.0/../../../../avr/lib/avr6\libm.a(cmpsf2.o) (__fp_cmp)
c:/program files (x86)/avr-gcc-12.0.1/bin/../lib/gcc/avr/12.1.0/../../../../avr/lib/avr6\libm.a(fp_split3.o)
                              c:/program files (x86)/avr-gcc-12.0.1/bin/../lib/gcc/avr/12.1.0/../../../../avr/lib/avr6\libm.a(fixunssfsi.o) (__fp_splitA)
c:/program files (x86)/avr-gcc-12.0.1/bin/../lib/gcc/avr/12.1.0/../../../../avr/lib/avr6\libm.a(fp_zero.o)
                              c:/program files (x86)/avr-gcc-12.0.1/bin/../lib/gcc/avr/12.1.0/../../../../avr/lib/avr6\libm.a(fixunssfsi.o) (__fp_zero)
c:/program files (x86)/avr-gcc-12.0.1/bin/../lib/gcc/avr/12.1.0/../../../../avr/lib/avr6\libm.a(gesf2.o)
                              obj\Debug\main.o (__gtsf2)
c:/program files (x86)/avr-gcc-12.0.1/bin/../lib/gcc/avr/12.1.0/../../../../avr/lib/avr6\libm.a(mulsf3.o)
                              obj\Debug\main.o (__mulsf3)
c:/program files (x86)/avr-gcc-12.0.1/bin/../lib/gcc/avr/12.1.0/../../../../avr/lib/avr6\libm.a(mulsf3x.o)
                              c:/program files (x86)/avr-gcc-12.0.1/bin/../lib/gcc/avr/12.1.0/../../../../avr/lib/avr6\libm.a(mulsf3.o) (__mulsf3x)
c:/program files (x86)/avr-gcc-12.0.1/bin/../lib/gcc/avr/12.1.0/../../../../avr/lib/avr6\libm.a(fp_inf.o)
                              c:/program files (x86)/avr-gcc-12.0.1/bin/../lib/gcc/avr/12.1.0/../../../../avr/lib/avr6\libm.a(mulsf3x.o) (__fp_inf)
c:/program files (x86)/avr-gcc-12.0.1/bin/../lib/gcc/avr/12.1.0/../../../../avr/lib/avr6\libm.a(fp_nan.o)
                              c:/program files (x86)/avr-gcc-12.0.1/bin/../lib/gcc/avr/12.1.0/../../../../avr/lib/avr6\libm.a(mulsf3x.o) (__fp_nan)
c:/program files (x86)/avr-gcc-12.0.1/bin/../lib/gcc/avr/12.1.0/../../../../avr/lib/avr6\libm.a(fp_pscA.o)
                              c:/program files (x86)/avr-gcc-12.0.1/bin/../lib/gcc/avr/12.1.0/../../../../avr/lib/avr6\libm.a(mulsf3x.o) (__fp_pscA)
c:/program files (x86)/avr-gcc-12.0.1/bin/../lib/gcc/avr/12.1.0/../../../../avr/lib/avr6\libm.a(fp_pscB.o)
                              c:/program files (x86)/avr-gcc-12.0.1/bin/../lib/gcc/avr/12.1.0/../../../../avr/lib/avr6\libm.a(mulsf3x.o) (__fp_pscB)
c:/program files (x86)/avr-gcc-12.0.1/bin/../lib/gcc/avr/12.1.0/../../../../avr/lib/avr6\libm.a(fp_round.o)
                              c:/program files (x86)/avr-gcc-12.0.1/bin/../lib/gcc/avr/12.1.0/../../../../avr/lib/avr6\libm.a(mulsf3.o) (__fp_round)

Memory Configuration

Name             Origin             Length             Attributes
text             0x0000000000000000 0x0000000000100000 xr
data             0x0000000000800200 0x000000000000fe00 rw !x
eeprom           0x0000000000810000 0x0000000000010000 rw !x
fuse             0x0000000000820000 0x0000000000000003 rw !x
lock             0x0000000000830000 0x0000000000000400 rw !x
signature        0x0000000000840000 0x0000000000000400 rw !x
user_signatures  0x0000000000850000 0x0000000000000400 rw !x
*default*        0x0000000000000000 0xffffffffffffffff

Linker script and memory map

Address of section .data set to 0x800200
LOAD c:/program files (x86)/avr-gcc-12.0.1/bin/../lib/gcc/avr/12.1.0/../../../../avr/lib/avr6/crtatmega2560.o
LOAD obj\Debug\fuse.o
LOAD obj\Debug\h_bridge.o
LOAD obj\Debug\h_bridge2.o
LOAD obj\Debug\h_bridge3.o
LOAD obj\Debug\main.o
START GROUP
LOAD c:/program files (x86)/avr-gcc-12.0.1/bin/../lib/gcc/avr/12.1.0/avr6\libgcc.a
LOAD c:/program files (x86)/avr-gcc-12.0.1/bin/../lib/gcc/avr/12.1.0/../../../../avr/lib/avr6\libm.a
LOAD c:/program files (x86)/avr-gcc-12.0.1/bin/../lib/gcc/avr/12.1.0/../../../../avr/lib/avr6\libc.a
LOAD c:/program files (x86)/avr-gcc-12.0.1/bin/../lib/gcc/avr/12.1.0/../../../../avr/lib/avr6\libatmega2560.a
END GROUP
                0x0000000000100000                __TEXT_REGION_LENGTH__ = DEFINED (__TEXT_REGION_LENGTH__)?__TEXT_REGION_LENGTH__:0x100000
                0x000000000000fe00                __DATA_REGION_LENGTH__ = DEFINED (__DATA_REGION_LENGTH__)?__DATA_REGION_LENGTH__:0xfe00
                0x0000000000010000                __EEPROM_REGION_LENGTH__ = DEFINED (__EEPROM_REGION_LENGTH__)?__EEPROM_REGION_LENGTH__:0x10000
                [0x0000000000000003]                __FUSE_REGION_LENGTH__ = DEFINED (__FUSE_REGION_LENGTH__)?__FUSE_REGION_LENGTH__:0x400
                0x0000000000000400                __LOCK_REGION_LENGTH__ = DEFINED (__LOCK_REGION_LENGTH__)?__LOCK_REGION_LENGTH__:0x400
                0x0000000000000400                __SIGNATURE_REGION_LENGTH__ = DEFINED (__SIGNATURE_REGION_LENGTH__)?__SIGNATURE_REGION_LENGTH__:0x400
                0x0000000000000400                __USER_SIGNATURE_REGION_LENGTH__ = DEFINED (__USER_SIGNATURE_REGION_LENGTH__)?__USER_SIGNATURE_REGION_LENGTH__:0x400

.hash
 *(.hash)

.dynsym
 *(.dynsym)

.dynstr
 *(.dynstr)

.gnu.version
 *(.gnu.version)

.gnu.version_d
 *(.gnu.version_d)

.gnu.version_r
 *(.gnu.version_r)

.rel.init
 *(.rel.init)

.rela.init
 *(.rela.init)

.rel.text
 *(.rel.text)
 *(.rel.text.*)
 *(.rel.gnu.linkonce.t*)

.rela.text
 *(.rela.text)
 *(.rela.text.*)
 *(.rela.gnu.linkonce.t*)

.rel.fini
 *(.rel.fini)

.rela.fini
 *(.rela.fini)

.rel.rodata
 *(.rel.rodata)
 *(.rel.rodata.*)
 *(.rel.gnu.linkonce.r*)

.rela.rodata
 *(.rela.rodata)
 *(.rela.rodata.*)
 *(.rela.gnu.linkonce.r*)

.rel.data
 *(.rel.data)
 *(.rel.data.*)
 *(.rel.gnu.linkonce.d*)

.rela.data
 *(.rela.data)
 *(.rela.data.*)
 *(.rela.gnu.linkonce.d*)

.rel.ctors
 *(.rel.ctors)

.rela.ctors
 *(.rela.ctors)

.rel.dtors
 *(.rel.dtors)

.rela.dtors
 *(.rela.dtors)

.rel.got
 *(.rel.got)

.rela.got
 *(.rela.got)

.rel.bss
 *(.rel.bss)

.rela.bss
 *(.rela.bss)

.rel.plt
 *(.rel.plt)

.rela.plt
 *(.rela.plt)

.text           0x0000000000000000     0x5182
 *(.vectors)
 .vectors       0x0000000000000000       0xe4 c:/program files (x86)/avr-gcc-12.0.1/bin/../lib/gcc/avr/12.1.0/../../../../avr/lib/avr6/crtatmega2560.o
                0x0000000000000000                __vector_default
                0x0000000000000000                __vectors
 *(.vectors)
 *(.progmem.gcc*)
                0x00000000000000e4                . = ALIGN (0x2)
                0x00000000000000e4                __trampolines_start = .
 *(.trampolines)
 .trampolines   0x00000000000000e4        0x0 linker stubs
 *(.trampolines*)
                0x00000000000000e4                __trampolines_end = .
 *libprintf_flt.a:*(.progmem.data)
 *libc.a:*(.progmem.data)
 *(.progmem.*)
                0x00000000000000e4                . = ALIGN (0x2)
 *(.lowtext)
 *(.lowtext*)
                0x00000000000000e4                __ctors_start = .
 *(.ctors)
                0x00000000000000e4                __ctors_end = .
                0x00000000000000e4                __dtors_start = .
 *(.dtors)
                0x00000000000000e4                __dtors_end = .
 SORT_BY_NAME(*)(.ctors)
 SORT_BY_NAME(*)(.dtors)
 *(.init0)
 .init0         0x00000000000000e4        0x0 c:/program files (x86)/avr-gcc-12.0.1/bin/../lib/gcc/avr/12.1.0/../../../../avr/lib/avr6/crtatmega2560.o
                0x00000000000000e4                __init
 *(.init0)
 *(.init1)
 *(.init1)
 *(.init2)
 .init2         0x00000000000000e4       0x10 c:/program files (x86)/avr-gcc-12.0.1/bin/../lib/gcc/avr/12.1.0/../../../../avr/lib/avr6/crtatmega2560.o
 *(.init2)
 *(.init3)
 *(.init3)
 *(.init4)
 .init4         0x00000000000000f4       0x1a c:/program files (x86)/avr-gcc-12.0.1/bin/../lib/gcc/avr/12.1.0/avr6\libgcc.a(_copy_data.o)
                0x00000000000000f4                __do_copy_data
 *(.init4)
 *(.init5)
 *(.init5)
 *(.init6)
 *(.init6)
 *(.init7)
 *(.init7)
 *(.init8)
 *(.init8)
 *(.init9)
 .init9         0x000000000000010e        0x8 c:/program files (x86)/avr-gcc-12.0.1/bin/../lib/gcc/avr/12.1.0/../../../../avr/lib/avr6/crtatmega2560.o
 *(.init9)
 *(.text)
 .text          0x0000000000000116        0x4 c:/program files (x86)/avr-gcc-12.0.1/bin/../lib/gcc/avr/12.1.0/../../../../avr/lib/avr6/crtatmega2560.o
                0x0000000000000116                __vector_38
                0x0000000000000116                __vector_28
                0x0000000000000116                __vector_1
                0x0000000000000116                __vector_32
                0x0000000000000116                __vector_34
                0x0000000000000116                __vector_24
                0x0000000000000116                __vector_12
                0x0000000000000116                __vector_55
                0x0000000000000116                __vector_46
                0x0000000000000116                __bad_interrupt
                0x0000000000000116                __vector_6
                0x0000000000000116                __vector_31
                0x0000000000000116                __vector_35
                0x0000000000000116                __vector_39
                0x0000000000000116                __vector_3
                0x0000000000000116                __vector_30
                0x0000000000000116                __vector_45
                0x0000000000000116                __vector_25
                0x0000000000000116                __vector_11
                0x0000000000000116                __vector_54
                0x0000000000000116                __vector_19
                0x0000000000000116                __vector_56
                0x0000000000000116                __vector_7
                0x0000000000000116                __vector_49
                0x0000000000000116                __vector_41
                0x0000000000000116                __vector_43
                0x0000000000000116                __vector_27
                0x0000000000000116                __vector_5
                0x0000000000000116                __vector_33
                0x0000000000000116                __vector_47
                0x0000000000000116                __vector_52
                0x0000000000000116                __vector_37
                0x0000000000000116                __vector_4
                0x0000000000000116                __vector_44
                0x0000000000000116                __vector_51
                0x0000000000000116                __vector_9
                0x0000000000000116                __vector_2
                0x0000000000000116                __vector_36
                0x0000000000000116                __vector_29
                0x0000000000000116                __vector_40
                0x0000000000000116                __vector_8
                0x0000000000000116                __vector_26
                0x0000000000000116                __vector_48
                0x0000000000000116                __vector_53
                0x0000000000000116                __vector_10
                0x0000000000000116                __vector_50
                0x0000000000000116                __vector_16
                0x0000000000000116                __vector_42
 .text          0x000000000000011a        0x0 obj\Debug\fuse.o
 .text          0x000000000000011a      0x2b0 obj\Debug\h_bridge.o
                0x000000000000011a                __vector_23
                0x00000000000001f8                __vector_21
                0x0000000000000254                __vector_22
                0x00000000000002b0                init_h_bridge
                0x0000000000000336                h_bridge_set_percentage
 .text          0x00000000000003ca      0x2b0 obj\Debug\h_bridge2.o
                0x00000000000003ca                __vector_15
                0x00000000000004a8                __vector_13
                0x0000000000000504                __vector_14
                0x0000000000000560                init_h_bridge2
                0x00000000000005e6                h_bridge_set_percentage2
 .text          0x000000000000067a      0x326 obj\Debug\h_bridge3.o
                0x000000000000067a                __vector_20
                0x0000000000000760                __vector_17
                0x00000000000007c0                __vector_18
                0x0000000000000820                init_h_bridge3
                0x00000000000008aa                h_bridge_set_percentage3
 .text          0x00000000000009a0     0x44a2 obj\Debug\main.o
                0x00000000000009a0                init_LED
                0x0000000000000a52                init_knoppen
                0x0000000000000b28                init
                0x0000000000000b4c                main
 .text          0x0000000000004e42        0x0 c:/program files (x86)/avr-gcc-12.0.1/bin/../lib/gcc/avr/12.1.0/avr6\libgcc.a(_divmodhi4.o)
 .text          0x0000000000004e42        0x0 c:/program files (x86)/avr-gcc-12.0.1/bin/../lib/gcc/avr/12.1.0/avr6\libgcc.a(_divmodsi4.o)
 .text          0x0000000000004e42        0x0 c:/program files (x86)/avr-gcc-12.0.1/bin/../lib/gcc/avr/12.1.0/avr6\libgcc.a(_negsi2.o)
 .text          0x0000000000004e42        0x0 c:/program files (x86)/avr-gcc-12.0.1/bin/../lib/gcc/avr/12.1.0/avr6\libgcc.a(_exit.o)
 .text          0x0000000000004e42        0x0 c:/program files (x86)/avr-gcc-12.0.1/bin/../lib/gcc/avr/12.1.0/avr6\libgcc.a(_copy_data.o)
 .text          0x0000000000004e42        0x0 c:/program files (x86)/avr-gcc-12.0.1/bin/../lib/gcc/avr/12.1.0/avr6\libgcc.a(_muluhisi3.o)
 .text          0x0000000000004e42        0x0 c:/program files (x86)/avr-gcc-12.0.1/bin/../lib/gcc/avr/12.1.0/avr6\libgcc.a(_udivmodhi4.o)
 .text          0x0000000000004e42        0x0 c:/program files (x86)/avr-gcc-12.0.1/bin/../lib/gcc/avr/12.1.0/avr6\libgcc.a(_udivmodsi4.o)
 .text          0x0000000000004e42        0x0 c:/program files (x86)/avr-gcc-12.0.1/bin/../lib/gcc/avr/12.1.0/avr6\libgcc.a(_umulhisi3.o)
 .text          0x0000000000004e42        0x0 c:/program files (x86)/avr-gcc-12.0.1/bin/../lib/gcc/avr/12.1.0/../../../../avr/lib/avr6\libm.a(cmpsf2.o)
 .text          0x0000000000004e42        0x0 c:/program files (x86)/avr-gcc-12.0.1/bin/../lib/gcc/avr/12.1.0/../../../../avr/lib/avr6\libm.a(fixunssfsi.o)
 .text          0x0000000000004e42        0x0 c:/program files (x86)/avr-gcc-12.0.1/bin/../lib/gcc/avr/12.1.0/../../../../avr/lib/avr6\libm.a(fp_cmp.o)
 .text          0x0000000000004e42        0x0 c:/program files (x86)/avr-gcc-12.0.1/bin/../lib/gcc/avr/12.1.0/../../../../avr/lib/avr6\libm.a(fp_split3.o)
 .text          0x0000000000004e42        0x0 c:/program files (x86)/avr-gcc-12.0.1/bin/../lib/gcc/avr/12.1.0/../../../../avr/lib/avr6\libm.a(fp_zero.o)
 .text          0x0000000000004e42        0x0 c:/program files (x86)/avr-gcc-12.0.1/bin/../lib/gcc/avr/12.1.0/../../../../avr/lib/avr6\libm.a(gesf2.o)
 .text          0x0000000000004e42        0x0 c:/program files (x86)/avr-gcc-12.0.1/bin/../lib/gcc/avr/12.1.0/../../../../avr/lib/avr6\libm.a(mulsf3.o)
 .text          0x0000000000004e42        0x0 c:/program files (x86)/avr-gcc-12.0.1/bin/../lib/gcc/avr/12.1.0/../../../../avr/lib/avr6\libm.a(mulsf3x.o)
 .text          0x0000000000004e42        0x0 c:/program files (x86)/avr-gcc-12.0.1/bin/../lib/gcc/avr/12.1.0/../../../../avr/lib/avr6\libm.a(fp_inf.o)
 .text          0x0000000000004e42        0x0 c:/program files (x86)/avr-gcc-12.0.1/bin/../lib/gcc/avr/12.1.0/../../../../avr/lib/avr6\libm.a(fp_nan.o)
 .text          0x0000000000004e42        0x0 c:/program files (x86)/avr-gcc-12.0.1/bin/../lib/gcc/avr/12.1.0/../../../../avr/lib/avr6\libm.a(fp_pscA.o)
 .text          0x0000000000004e42        0x0 c:/program files (x86)/avr-gcc-12.0.1/bin/../lib/gcc/avr/12.1.0/../../../../avr/lib/avr6\libm.a(fp_pscB.o)
 .text          0x0000000000004e42        0x0 c:/program files (x86)/avr-gcc-12.0.1/bin/../lib/gcc/avr/12.1.0/../../../../avr/lib/avr6\libm.a(fp_round.o)
                0x0000000000004e42                . = ALIGN (0x2)
 *(.text.*)
 .text.libgcc.mul
                0x0000000000004e42        0x0 c:/program files (x86)/avr-gcc-12.0.1/bin/../lib/gcc/avr/12.1.0/avr6\libgcc.a(_divmodhi4.o)
 .text.libgcc.div
                0x0000000000004e42       0x28 c:/program files (x86)/avr-gcc-12.0.1/bin/../lib/gcc/avr/12.1.0/avr6\libgcc.a(_divmodhi4.o)
                0x0000000000004e42                _div
                0x0000000000004e42                __divmodhi4
 .text.libgcc   0x0000000000004e6a        0x0 c:/program files (x86)/avr-gcc-12.0.1/bin/../lib/gcc/avr/12.1.0/avr6\libgcc.a(_divmodhi4.o)
 .text.libgcc.prologue
                0x0000000000004e6a        0x0 c:/program files (x86)/avr-gcc-12.0.1/bin/../lib/gcc/avr/12.1.0/avr6\libgcc.a(_divmodhi4.o)
 .text.libgcc.builtins
                0x0000000000004e6a        0x0 c:/program files (x86)/avr-gcc-12.0.1/bin/../lib/gcc/avr/12.1.0/avr6\libgcc.a(_divmodhi4.o)
 .text.libgcc.fmul
                0x0000000000004e6a        0x0 c:/program files (x86)/avr-gcc-12.0.1/bin/../lib/gcc/avr/12.1.0/avr6\libgcc.a(_divmodhi4.o)
 .text.libgcc.fixed
                0x0000000000004e6a        0x0 c:/program files (x86)/avr-gcc-12.0.1/bin/../lib/gcc/avr/12.1.0/avr6\libgcc.a(_divmodhi4.o)
 .text.libgcc.mul
                0x0000000000004e6a        0x0 c:/program files (x86)/avr-gcc-12.0.1/bin/../lib/gcc/avr/12.1.0/avr6\libgcc.a(_divmodsi4.o)
 .text.libgcc.div
                0x0000000000004e6a       0x2e c:/program files (x86)/avr-gcc-12.0.1/bin/../lib/gcc/avr/12.1.0/avr6\libgcc.a(_divmodsi4.o)
                0x0000000000004e6a                __divmodsi4
 .text.libgcc   0x0000000000004e98        0x0 c:/program files (x86)/avr-gcc-12.0.1/bin/../lib/gcc/avr/12.1.0/avr6\libgcc.a(_divmodsi4.o)
 .text.libgcc.prologue
                0x0000000000004e98        0x0 c:/program files (x86)/avr-gcc-12.0.1/bin/../lib/gcc/avr/12.1.0/avr6\libgcc.a(_divmodsi4.o)
 .text.libgcc.builtins
                0x0000000000004e98        0x0 c:/program files (x86)/avr-gcc-12.0.1/bin/../lib/gcc/avr/12.1.0/avr6\libgcc.a(_divmodsi4.o)
 .text.libgcc.fmul
                0x0000000000004e98        0x0 c:/program files (x86)/avr-gcc-12.0.1/bin/../lib/gcc/avr/12.1.0/avr6\libgcc.a(_divmodsi4.o)
 .text.libgcc.fixed
                0x0000000000004e98        0x0 c:/program files (x86)/avr-gcc-12.0.1/bin/../lib/gcc/avr/12.1.0/avr6\libgcc.a(_divmodsi4.o)
 .text.libgcc.mul
                0x0000000000004e98        0x0 c:/program files (x86)/avr-gcc-12.0.1/bin/../lib/gcc/avr/12.1.0/avr6\libgcc.a(_negsi2.o)
 .text.libgcc.div
                0x0000000000004e98       0x10 c:/program files (x86)/avr-gcc-12.0.1/bin/../lib/gcc/avr/12.1.0/avr6\libgcc.a(_negsi2.o)
                0x0000000000004e98                __negsi2
 .text.libgcc   0x0000000000004ea8        0x0 c:/program files (x86)/avr-gcc-12.0.1/bin/../lib/gcc/avr/12.1.0/avr6\libgcc.a(_negsi2.o)
 .text.libgcc.prologue
                0x0000000000004ea8        0x0 c:/program files (x86)/avr-gcc-12.0.1/bin/../lib/gcc/avr/12.1.0/avr6\libgcc.a(_negsi2.o)
 .text.libgcc.builtins
                0x0000000000004ea8        0x0 c:/program files (x86)/avr-gcc-12.0.1/bin/../lib/gcc/avr/12.1.0/avr6\libgcc.a(_negsi2.o)
 .text.libgcc.fmul
                0x0000000000004ea8        0x0 c:/program files (x86)/avr-gcc-12.0.1/bin/../lib/gcc/avr/12.1.0/avr6\libgcc.a(_negsi2.o)
 .text.libgcc.fixed
                0x0000000000004ea8        0x0 c:/program files (x86)/avr-gcc-12.0.1/bin/../lib/gcc/avr/12.1.0/avr6\libgcc.a(_negsi2.o)
 .text.libgcc.mul
                0x0000000000004ea8        0x0 c:/program files (x86)/avr-gcc-12.0.1/bin/../lib/gcc/avr/12.1.0/avr6\libgcc.a(_exit.o)
 .text.libgcc.div
                0x0000000000004ea8        0x0 c:/program files (x86)/avr-gcc-12.0.1/bin/../lib/gcc/avr/12.1.0/avr6\libgcc.a(_exit.o)
 .text.libgcc   0x0000000000004ea8        0x0 c:/program files (x86)/avr-gcc-12.0.1/bin/../lib/gcc/avr/12.1.0/avr6\libgcc.a(_exit.o)
 .text.libgcc.prologue
                0x0000000000004ea8        0x0 c:/program files (x86)/avr-gcc-12.0.1/bin/../lib/gcc/avr/12.1.0/avr6\libgcc.a(_exit.o)
 .text.libgcc.builtins
                0x0000000000004ea8        0x0 c:/program files (x86)/avr-gcc-12.0.1/bin/../lib/gcc/avr/12.1.0/avr6\libgcc.a(_exit.o)
 .text.libgcc.fmul
                0x0000000000004ea8        0x0 c:/program files (x86)/avr-gcc-12.0.1/bin/../lib/gcc/avr/12.1.0/avr6\libgcc.a(_exit.o)
 .text.libgcc.fixed
                0x0000000000004ea8        0x0 c:/program files (x86)/avr-gcc-12.0.1/bin/../lib/gcc/avr/12.1.0/avr6\libgcc.a(_exit.o)
 .text.libgcc.mul
                0x0000000000004ea8        0x0 c:/program files (x86)/avr-gcc-12.0.1/bin/../lib/gcc/avr/12.1.0/avr6\libgcc.a(_copy_data.o)
 .text.libgcc.div
                0x0000000000004ea8        0x0 c:/program files (x86)/avr-gcc-12.0.1/bin/../lib/gcc/avr/12.1.0/avr6\libgcc.a(_copy_data.o)
 .text.libgcc   0x0000000000004ea8        0x0 c:/program files (x86)/avr-gcc-12.0.1/bin/../lib/gcc/avr/12.1.0/avr6\libgcc.a(_copy_data.o)
 .text.libgcc.prologue
                0x0000000000004ea8        0x0 c:/program files (x86)/avr-gcc-12.0.1/bin/../lib/gcc/avr/12.1.0/avr6\libgcc.a(_copy_data.o)
 .text.libgcc.builtins
                0x0000000000004ea8        0x0 c:/program files (x86)/avr-gcc-12.0.1/bin/../lib/gcc/avr/12.1.0/avr6\libgcc.a(_copy_data.o)
 .text.libgcc.fmul
                0x0000000000004ea8        0x0 c:/program files (x86)/avr-gcc-12.0.1/bin/../lib/gcc/avr/12.1.0/avr6\libgcc.a(_copy_data.o)
 .text.libgcc.fixed
                0x0000000000004ea8        0x0 c:/program files (x86)/avr-gcc-12.0.1/bin/../lib/gcc/avr/12.1.0/avr6\libgcc.a(_copy_data.o)
 .text.libgcc.mul
                0x0000000000004ea8       0x16 c:/program files (x86)/avr-gcc-12.0.1/bin/../lib/gcc/avr/12.1.0/avr6\libgcc.a(_muluhisi3.o)
                0x0000000000004ea8                __muluhisi3
 .text.libgcc.div
                0x0000000000004ebe        0x0 c:/program files (x86)/avr-gcc-12.0.1/bin/../lib/gcc/avr/12.1.0/avr6\libgcc.a(_muluhisi3.o)
 .text.libgcc   0x0000000000004ebe        0x0 c:/program files (x86)/avr-gcc-12.0.1/bin/../lib/gcc/avr/12.1.0/avr6\libgcc.a(_muluhisi3.o)
 .text.libgcc.prologue
                0x0000000000004ebe        0x0 c:/program files (x86)/avr-gcc-12.0.1/bin/../lib/gcc/avr/12.1.0/avr6\libgcc.a(_muluhisi3.o)
 .text.libgcc.builtins
                0x0000000000004ebe        0x0 c:/program files (x86)/avr-gcc-12.0.1/bin/../lib/gcc/avr/12.1.0/avr6\libgcc.a(_muluhisi3.o)
 .text.libgcc.fmul
                0x0000000000004ebe        0x0 c:/program files (x86)/avr-gcc-12.0.1/bin/../lib/gcc/avr/12.1.0/avr6\libgcc.a(_muluhisi3.o)
 .text.libgcc.fixed
                0x0000000000004ebe        0x0 c:/program files (x86)/avr-gcc-12.0.1/bin/../lib/gcc/avr/12.1.0/avr6\libgcc.a(_muluhisi3.o)
 .text.libgcc.mul
                0x0000000000004ebe        0x0 c:/program files (x86)/avr-gcc-12.0.1/bin/../lib/gcc/avr/12.1.0/avr6\libgcc.a(_udivmodhi4.o)
 .text.libgcc.div
                0x0000000000004ebe       0x28 c:/program files (x86)/avr-gcc-12.0.1/bin/../lib/gcc/avr/12.1.0/avr6\libgcc.a(_udivmodhi4.o)
                0x0000000000004ebe                __udivmodhi4
 .text.libgcc   0x0000000000004ee6        0x0 c:/program files (x86)/avr-gcc-12.0.1/bin/../lib/gcc/avr/12.1.0/avr6\libgcc.a(_udivmodhi4.o)
 .text.libgcc.prologue
                0x0000000000004ee6        0x0 c:/program files (x86)/avr-gcc-12.0.1/bin/../lib/gcc/avr/12.1.0/avr6\libgcc.a(_udivmodhi4.o)
 .text.libgcc.builtins
                0x0000000000004ee6        0x0 c:/program files (x86)/avr-gcc-12.0.1/bin/../lib/gcc/avr/12.1.0/avr6\libgcc.a(_udivmodhi4.o)
 .text.libgcc.fmul
                0x0000000000004ee6        0x0 c:/program files (x86)/avr-gcc-12.0.1/bin/../lib/gcc/avr/12.1.0/avr6\libgcc.a(_udivmodhi4.o)
 .text.libgcc.fixed
                0x0000000000004ee6        0x0 c:/program files (x86)/avr-gcc-12.0.1/bin/../lib/gcc/avr/12.1.0/avr6\libgcc.a(_udivmodhi4.o)
 .text.libgcc.mul
                0x0000000000004ee6        0x0 c:/program files (x86)/avr-gcc-12.0.1/bin/../lib/gcc/avr/12.1.0/avr6\libgcc.a(_udivmodsi4.o)
 .text.libgcc.div
                0x0000000000004ee6       0x44 c:/program files (x86)/avr-gcc-12.0.1/bin/../lib/gcc/avr/12.1.0/avr6\libgcc.a(_udivmodsi4.o)
                0x0000000000004ee6                __udivmodsi4
 .text.libgcc   0x0000000000004f2a        0x0 c:/program files (x86)/avr-gcc-12.0.1/bin/../lib/gcc/avr/12.1.0/avr6\libgcc.a(_udivmodsi4.o)
 .text.libgcc.prologue
                0x0000000000004f2a        0x0 c:/program files (x86)/avr-gcc-12.0.1/bin/../lib/gcc/avr/12.1.0/avr6\libgcc.a(_udivmodsi4.o)
 .text.libgcc.builtins
                0x0000000000004f2a        0x0 c:/program files (x86)/avr-gcc-12.0.1/bin/../lib/gcc/avr/12.1.0/avr6\libgcc.a(_udivmodsi4.o)
 .text.libgcc.fmul
                0x0000000000004f2a        0x0 c:/program files (x86)/avr-gcc-12.0.1/bin/../lib/gcc/avr/12.1.0/avr6\libgcc.a(_udivmodsi4.o)
 .text.libgcc.fixed
                0x0000000000004f2a        0x0 c:/program files (x86)/avr-gcc-12.0.1/bin/../lib/gcc/avr/12.1.0/avr6\libgcc.a(_udivmodsi4.o)
 .text.libgcc.mul
                0x0000000000004f2a       0x1e c:/program files (x86)/avr-gcc-12.0.1/bin/../lib/gcc/avr/12.1.0/avr6\libgcc.a(_umulhisi3.o)
                0x0000000000004f2a                __umulhisi3
 .text.libgcc.div
                0x0000000000004f48        0x0 c:/program files (x86)/avr-gcc-12.0.1/bin/../lib/gcc/avr/12.1.0/avr6\libgcc.a(_umulhisi3.o)
 .text.libgcc   0x0000000000004f48        0x0 c:/program files (x86)/avr-gcc-12.0.1/bin/../lib/gcc/avr/12.1.0/avr6\libgcc.a(_umulhisi3.o)
 .text.libgcc.prologue
                0x0000000000004f48        0x0 c:/program files (x86)/avr-gcc-12.0.1/bin/../lib/gcc/avr/12.1.0/avr6\libgcc.a(_umulhisi3.o)
 .text.libgcc.builtins
                0x0000000000004f48        0x0 c:/program files (x86)/avr-gcc-12.0.1/bin/../lib/gcc/avr/12.1.0/avr6\libgcc.a(_umulhisi3.o)
 .text.libgcc.fmul
                0x0000000000004f48        0x0 c:/program files (x86)/avr-gcc-12.0.1/bin/../lib/gcc/avr/12.1.0/avr6\libgcc.a(_umulhisi3.o)
 .text.libgcc.fixed
                0x0000000000004f48        0x0 c:/program files (x86)/avr-gcc-12.0.1/bin/../lib/gcc/avr/12.1.0/avr6\libgcc.a(_umulhisi3.o)
 .text.avr-libc.fplib
                0x0000000000004f48        0xa c:/program files (x86)/avr-gcc-12.0.1/bin/../lib/gcc/avr/12.1.0/../../../../avr/lib/avr6\libm.a(cmpsf2.o)
                0x0000000000004f48                __nesf2
                0x0000000000004f48                __eqsf2
                0x0000000000004f48                __cmpsf2
                0x0000000000004f48                __ltsf2
                0x0000000000004f48                __lesf2
 .text.avr-libc.fplib
                0x0000000000004f52       0x5e c:/program files (x86)/avr-gcc-12.0.1/bin/../lib/gcc/avr/12.1.0/../../../../avr/lib/avr6\libm.a(fixunssfsi.o)
                0x0000000000004f52                __fixunssfsi
 .text.avr-libc.fplib
                0x0000000000004fb0       0x48 c:/program files (x86)/avr-gcc-12.0.1/bin/../lib/gcc/avr/12.1.0/../../../../avr/lib/avr6\libm.a(fp_cmp.o)
                0x0000000000004fb0                __fp_cmp
 .text.avr-libc.fplib
                0x0000000000004ff8       0x44 c:/program files (x86)/avr-gcc-12.0.1/bin/../lib/gcc/avr/12.1.0/../../../../avr/lib/avr6\libm.a(fp_split3.o)
                0x0000000000004ff8                __fp_split3
                0x0000000000005008                __fp_splitA
 .text.avr-libc.fplib
                0x000000000000503c        0xe c:/program files (x86)/avr-gcc-12.0.1/bin/../lib/gcc/avr/12.1.0/../../../../avr/lib/avr6\libm.a(fp_zero.o)
                0x000000000000503c                __fp_zero
                0x000000000000503e                __fp_szero
 .text.avr-libc.fplib
                0x000000000000504a        0xa c:/program files (x86)/avr-gcc-12.0.1/bin/../lib/gcc/avr/12.1.0/../../../../avr/lib/avr6\libm.a(gesf2.o)
                0x000000000000504a                __gesf2
                0x000000000000504a                __gtsf2
 .text.avr-libc.fplib
                0x0000000000005054        0x8 c:/program files (x86)/avr-gcc-12.0.1/bin/../lib/gcc/avr/12.1.0/../../../../avr/lib/avr6\libm.a(mulsf3.o)
                0x0000000000005054                __mulsf3
 .text.avr-libc.fplib
                0x000000000000505c       0xd2 c:/program files (x86)/avr-gcc-12.0.1/bin/../lib/gcc/avr/12.1.0/../../../../avr/lib/avr6\libm.a(mulsf3x.o)
                0x000000000000507a                __mulsf3x
                0x0000000000005080                __mulsf3_pse
 .text.avr-libc.fplib
                0x000000000000512e        0xc c:/program files (x86)/avr-gcc-12.0.1/bin/../lib/gcc/avr/12.1.0/../../../../avr/lib/avr6\libm.a(fp_inf.o)
                0x000000000000512e                __fp_inf
 .text.avr-libc.fplib
                0x000000000000513a        0x6 c:/program files (x86)/avr-gcc-12.0.1/bin/../lib/gcc/avr/12.1.0/../../../../avr/lib/avr6\libm.a(fp_nan.o)
                0x000000000000513a                __fp_nan
 .text.avr-libc.fplib
                0x0000000000005140        0xe c:/program files (x86)/avr-gcc-12.0.1/bin/../lib/gcc/avr/12.1.0/../../../../avr/lib/avr6\libm.a(fp_pscA.o)
                0x0000000000005140                __fp_pscA
 .text.avr-libc.fplib
                0x000000000000514e        0xe c:/program files (x86)/avr-gcc-12.0.1/bin/../lib/gcc/avr/12.1.0/../../../../avr/lib/avr6\libm.a(fp_pscB.o)
                0x000000000000514e                __fp_pscB
 .text.avr-libc.fplib
                0x000000000000515c       0x22 c:/program files (x86)/avr-gcc-12.0.1/bin/../lib/gcc/avr/12.1.0/../../../../avr/lib/avr6\libm.a(fp_round.o)
                0x000000000000515c                __fp_round
                0x000000000000517e                . = ALIGN (0x2)
 *(.fini9)
 .fini9         0x000000000000517e        0x0 c:/program files (x86)/avr-gcc-12.0.1/bin/../lib/gcc/avr/12.1.0/avr6\libgcc.a(_exit.o)
                0x000000000000517e                _exit
                0x000000000000517e                exit
 *(.fini9)
 *(.fini8)
 *(.fini8)
 *(.fini7)
 *(.fini7)
 *(.fini6)
 *(.fini6)
 *(.fini5)
 *(.fini5)
 *(.fini4)
 *(.fini4)
 *(.fini3)
 *(.fini3)
 *(.fini2)
 *(.fini2)
 *(.fini1)
 *(.fini1)
 *(.fini0)
 .fini0         0x000000000000517e        0x4 c:/program files (x86)/avr-gcc-12.0.1/bin/../lib/gcc/avr/12.1.0/avr6\libgcc.a(_exit.o)
 *(.fini0)
 *(.hightext)
 *(.hightext*)
 *(.progmemx.*)
                0x0000000000005182                . = ALIGN (0x2)
 *(.jumptables)
 *(.jumptables*)
                0x0000000000005182                _etext = .

.data           0x0000000000800200       0x1c load address 0x0000000000005182
                0x0000000000800200                PROVIDE (__data_start = .)
 *(.data)
 .data          0x0000000000800200        0x0 c:/program files (x86)/avr-gcc-12.0.1/bin/../lib/gcc/avr/12.1.0/../../../../avr/lib/avr6/crtatmega2560.o
 .data          0x0000000000800200        0x0 obj\Debug\fuse.o
 .data          0x0000000000800200        0x0 obj\Debug\h_bridge.o
 .data          0x0000000000800200        0x0 obj\Debug\h_bridge2.o
 .data          0x0000000000800200        0x0 obj\Debug\h_bridge3.o
 .data          0x0000000000800200        0x0 obj\Debug\main.o
 .data          0x0000000000800200        0x0 c:/program files (x86)/avr-gcc-12.0.1/bin/../lib/gcc/avr/12.1.0/avr6\libgcc.a(_divmodhi4.o)
 .data          0x0000000000800200        0x0 c:/program files (x86)/avr-gcc-12.0.1/bin/../lib/gcc/avr/12.1.0/avr6\libgcc.a(_divmodsi4.o)
 .data          0x0000000000800200        0x0 c:/program files (x86)/avr-gcc-12.0.1/bin/../lib/gcc/avr/12.1.0/avr6\libgcc.a(_negsi2.o)
 .data          0x0000000000800200        0x0 c:/program files (x86)/avr-gcc-12.0.1/bin/../lib/gcc/avr/12.1.0/avr6\libgcc.a(_exit.o)
 .data          0x0000000000800200        0x0 c:/program files (x86)/avr-gcc-12.0.1/bin/../lib/gcc/avr/12.1.0/avr6\libgcc.a(_copy_data.o)
 .data          0x0000000000800200        0x0 c:/program files (x86)/avr-gcc-12.0.1/bin/../lib/gcc/avr/12.1.0/avr6\libgcc.a(_muluhisi3.o)
 .data          0x0000000000800200        0x0 c:/program files (x86)/avr-gcc-12.0.1/bin/../lib/gcc/avr/12.1.0/avr6\libgcc.a(_udivmodhi4.o)
 .data          0x0000000000800200        0x0 c:/program files (x86)/avr-gcc-12.0.1/bin/../lib/gcc/avr/12.1.0/avr6\libgcc.a(_udivmodsi4.o)
 .data          0x0000000000800200        0x0 c:/program files (x86)/avr-gcc-12.0.1/bin/../lib/gcc/avr/12.1.0/avr6\libgcc.a(_umulhisi3.o)
 .data          0x0000000000800200        0x0 c:/program files (x86)/avr-gcc-12.0.1/bin/../lib/gcc/avr/12.1.0/../../../../avr/lib/avr6\libm.a(cmpsf2.o)
 .data          0x0000000000800200        0x0 c:/program files (x86)/avr-gcc-12.0.1/bin/../lib/gcc/avr/12.1.0/../../../../avr/lib/avr6\libm.a(fixunssfsi.o)
 .data          0x0000000000800200        0x0 c:/program files (x86)/avr-gcc-12.0.1/bin/../lib/gcc/avr/12.1.0/../../../../avr/lib/avr6\libm.a(fp_cmp.o)
 .data          0x0000000000800200        0x0 c:/program files (x86)/avr-gcc-12.0.1/bin/../lib/gcc/avr/12.1.0/../../../../avr/lib/avr6\libm.a(fp_split3.o)
 .data          0x0000000000800200        0x0 c:/program files (x86)/avr-gcc-12.0.1/bin/../lib/gcc/avr/12.1.0/../../../../avr/lib/avr6\libm.a(fp_zero.o)
 .data          0x0000000000800200        0x0 c:/program files (x86)/avr-gcc-12.0.1/bin/../lib/gcc/avr/12.1.0/../../../../avr/lib/avr6\libm.a(gesf2.o)
 .data          0x0000000000800200        0x0 c:/program files (x86)/avr-gcc-12.0.1/bin/../lib/gcc/avr/12.1.0/../../../../avr/lib/avr6\libm.a(mulsf3.o)
 .data          0x0000000000800200        0x0 c:/program files (x86)/avr-gcc-12.0.1/bin/../lib/gcc/avr/12.1.0/../../../../avr/lib/avr6\libm.a(mulsf3x.o)
 .data          0x0000000000800200        0x0 c:/program files (x86)/avr-gcc-12.0.1/bin/../lib/gcc/avr/12.1.0/../../../../avr/lib/avr6\libm.a(fp_inf.o)
 .data          0x0000000000800200        0x0 c:/program files (x86)/avr-gcc-12.0.1/bin/../lib/gcc/avr/12.1.0/../../../../avr/lib/avr6\libm.a(fp_nan.o)
 .data          0x0000000000800200        0x0 c:/program files (x86)/avr-gcc-12.0.1/bin/../lib/gcc/avr/12.1.0/../../../../avr/lib/avr6\libm.a(fp_pscA.o)
 .data          0x0000000000800200        0x0 c:/program files (x86)/avr-gcc-12.0.1/bin/../lib/gcc/avr/12.1.0/../../../../avr/lib/avr6\libm.a(fp_pscB.o)
 .data          0x0000000000800200        0x0 c:/program files (x86)/avr-gcc-12.0.1/bin/../lib/gcc/avr/12.1.0/../../../../avr/lib/avr6\libm.a(fp_round.o)
 *(.data*)
 *(.gnu.linkonce.d*)
 *(.rodata)
 .rodata        0x0000000000800200       0x1c obj\Debug\main.o
 *(.rodata*)
 *(.gnu.linkonce.r*)
                0x000000000080021c                . = ALIGN (0x2)
                0x000000000080021c                _edata = .
                0x000000000080021c                PROVIDE (__data_end = .)

.bss            0x000000000080021c        0x0
                [!provide]                        PROVIDE (__bss_start = .)
 *(.bss)
 .bss           0x000000000080021c        0x0 c:/program files (x86)/avr-gcc-12.0.1/bin/../lib/gcc/avr/12.1.0/../../../../avr/lib/avr6/crtatmega2560.o
 .bss           0x000000000080021c        0x0 obj\Debug\fuse.o
 .bss           0x000000000080021c        0x0 obj\Debug\h_bridge.o
 .bss           0x000000000080021c        0x0 obj\Debug\h_bridge2.o
 .bss           0x000000000080021c        0x0 obj\Debug\h_bridge3.o
 .bss           0x000000000080021c        0x0 obj\Debug\main.o
 .bss           0x000000000080021c        0x0 c:/program files (x86)/avr-gcc-12.0.1/bin/../lib/gcc/avr/12.1.0/avr6\libgcc.a(_divmodhi4.o)
 .bss           0x000000000080021c        0x0 c:/program files (x86)/avr-gcc-12.0.1/bin/../lib/gcc/avr/12.1.0/avr6\libgcc.a(_divmodsi4.o)
 .bss           0x000000000080021c        0x0 c:/program files (x86)/avr-gcc-12.0.1/bin/../lib/gcc/avr/12.1.0/avr6\libgcc.a(_negsi2.o)
 .bss           0x000000000080021c        0x0 c:/program files (x86)/avr-gcc-12.0.1/bin/../lib/gcc/avr/12.1.0/avr6\libgcc.a(_exit.o)
 .bss           0x000000000080021c        0x0 c:/program files (x86)/avr-gcc-12.0.1/bin/../lib/gcc/avr/12.1.0/avr6\libgcc.a(_copy_data.o)
 .bss           0x000000000080021c        0x0 c:/program files (x86)/avr-gcc-12.0.1/bin/../lib/gcc/avr/12.1.0/avr6\libgcc.a(_muluhisi3.o)
 .bss           0x000000000080021c        0x0 c:/program files (x86)/avr-gcc-12.0.1/bin/../lib/gcc/avr/12.1.0/avr6\libgcc.a(_udivmodhi4.o)
 .bss           0x000000000080021c        0x0 c:/program files (x86)/avr-gcc-12.0.1/bin/../lib/gcc/avr/12.1.0/avr6\libgcc.a(_udivmodsi4.o)
 .bss           0x000000000080021c        0x0 c:/program files (x86)/avr-gcc-12.0.1/bin/../lib/gcc/avr/12.1.0/avr6\libgcc.a(_umulhisi3.o)
 .bss           0x000000000080021c        0x0 c:/program files (x86)/avr-gcc-12.0.1/bin/../lib/gcc/avr/12.1.0/../../../../avr/lib/avr6\libm.a(cmpsf2.o)
 .bss           0x000000000080021c        0x0 c:/program files (x86)/avr-gcc-12.0.1/bin/../lib/gcc/avr/12.1.0/../../../../avr/lib/avr6\libm.a(fixunssfsi.o)
 .bss           0x000000000080021c        0x0 c:/program files (x86)/avr-gcc-12.0.1/bin/../lib/gcc/avr/12.1.0/../../../../avr/lib/avr6\libm.a(fp_cmp.o)
 .bss           0x000000000080021c        0x0 c:/program files (x86)/avr-gcc-12.0.1/bin/../lib/gcc/avr/12.1.0/../../../../avr/lib/avr6\libm.a(fp_split3.o)
 .bss           0x000000000080021c        0x0 c:/program files (x86)/avr-gcc-12.0.1/bin/../lib/gcc/avr/12.1.0/../../../../avr/lib/avr6\libm.a(fp_zero.o)
 .bss           0x000000000080021c        0x0 c:/program files (x86)/avr-gcc-12.0.1/bin/../lib/gcc/avr/12.1.0/../../../../avr/lib/avr6\libm.a(gesf2.o)
 .bss           0x000000000080021c        0x0 c:/program files (x86)/avr-gcc-12.0.1/bin/../lib/gcc/avr/12.1.0/../../../../avr/lib/avr6\libm.a(mulsf3.o)
 .bss           0x000000000080021c        0x0 c:/program files (x86)/avr-gcc-12.0.1/bin/../lib/gcc/avr/12.1.0/../../../../avr/lib/avr6\libm.a(mulsf3x.o)
 .bss           0x000000000080021c        0x0 c:/program files (x86)/avr-gcc-12.0.1/bin/../lib/gcc/avr/12.1.0/../../../../avr/lib/avr6\libm.a(fp_inf.o)
 .bss           0x000000000080021c        0x0 c:/program files (x86)/avr-gcc-12.0.1/bin/../lib/gcc/avr/12.1.0/../../../../avr/lib/avr6\libm.a(fp_nan.o)
 .bss           0x000000000080021c        0x0 c:/program files (x86)/avr-gcc-12.0.1/bin/../lib/gcc/avr/12.1.0/../../../../avr/lib/avr6\libm.a(fp_pscA.o)
 .bss           0x000000000080021c        0x0 c:/program files (x86)/avr-gcc-12.0.1/bin/../lib/gcc/avr/12.1.0/../../../../avr/lib/avr6\libm.a(fp_pscB.o)
 .bss           0x000000000080021c        0x0 c:/program files (x86)/avr-gcc-12.0.1/bin/../lib/gcc/avr/12.1.0/../../../../avr/lib/avr6\libm.a(fp_round.o)
 *(.bss*)
 *(COMMON)
                [!provide]                        PROVIDE (__bss_end = .)
                0x0000000000005182                __data_load_start = LOADADDR (.data)
                0x000000000000519e                __data_load_end = (__data_load_start + SIZEOF (.data))

.noinit         0x000000000080021c        0x0
                [!provide]                        PROVIDE (__noinit_start = .)
 *(.noinit .noinit.* .gnu.linkonce.n.*)
                [!provide]                        PROVIDE (__noinit_end = .)
                0x000000000080021c                _end = .
                [!provide]                        PROVIDE (__heap_start = .)

.eeprom         0x0000000000810000        0x0
 *(.eeprom*)
                0x0000000000810000                __eeprom_end = .

.fuse           0x0000000000820000        0x3
 *(.fuse)
 .fuse          0x0000000000820000        0x3 obj\Debug\fuse.o
                0x0000000000820000                __fuse
 *(.lfuse)
 *(.hfuse)
 *(.efuse)

.lock
 *(.lock*)

.signature
 *(.signature*)

.stab
 *(.stab)

.stabstr
 *(.stabstr)

.stab.excl
 *(.stab.excl)

.stab.exclstr
 *(.stab.exclstr)

.stab.index
 *(.stab.index)

.stab.indexstr
 *(.stab.indexstr)

.comment        0x0000000000000000       0x12
 *(.comment)
 .comment       0x0000000000000000       0x12 obj\Debug\fuse.o
                                         0x13 (size before relaxing)
 .comment       0x0000000000000012       0x13 obj\Debug\h_bridge.o
 .comment       0x0000000000000012       0x13 obj\Debug\h_bridge2.o
 .comment       0x0000000000000012       0x13 obj\Debug\h_bridge3.o
 .comment       0x0000000000000012       0x13 obj\Debug\main.o

.note.gnu.avr.deviceinfo
                0x0000000000000000       0x40
 .note.gnu.avr.deviceinfo
                0x0000000000000000       0x40 c:/program files (x86)/avr-gcc-12.0.1/bin/../lib/gcc/avr/12.1.0/../../../../avr/lib/avr6/crtatmega2560.o

.note.gnu.build-id
 *(.note.gnu.build-id)

.debug
 *(.debug)

.line
 *(.line)

.debug_srcinfo
 *(.debug_srcinfo)

.debug_sfnames
 *(.debug_sfnames)

.debug_aranges  0x0000000000000000      0x1b8
 *(.debug_aranges)
 .debug_aranges
                0x0000000000000000       0x18 obj\Debug\fuse.o
 .debug_aranges
                0x0000000000000018       0x20 obj\Debug\h_bridge.o
 .debug_aranges
                0x0000000000000038       0x20 obj\Debug\h_bridge2.o
 .debug_aranges
                0x0000000000000058       0x20 obj\Debug\h_bridge3.o
 .debug_aranges
                0x0000000000000078       0x20 obj\Debug\main.o
 .debug_aranges
                0x0000000000000098       0x20 c:/program files (x86)/avr-gcc-12.0.1/bin/../lib/gcc/avr/12.1.0/avr6\libgcc.a(_divmodhi4.o)
 .debug_aranges
                0x00000000000000b8       0x20 c:/program files (x86)/avr-gcc-12.0.1/bin/../lib/gcc/avr/12.1.0/avr6\libgcc.a(_divmodsi4.o)
 .debug_aranges
                0x00000000000000d8       0x20 c:/program files (x86)/avr-gcc-12.0.1/bin/../lib/gcc/avr/12.1.0/avr6\libgcc.a(_negsi2.o)
 .debug_aranges
                0x00000000000000f8       0x20 c:/program files (x86)/avr-gcc-12.0.1/bin/../lib/gcc/avr/12.1.0/avr6\libgcc.a(_exit.o)
 .debug_aranges
                0x0000000000000118       0x20 c:/program files (x86)/avr-gcc-12.0.1/bin/../lib/gcc/avr/12.1.0/avr6\libgcc.a(_copy_data.o)
 .debug_aranges
                0x0000000000000138       0x20 c:/program files (x86)/avr-gcc-12.0.1/bin/../lib/gcc/avr/12.1.0/avr6\libgcc.a(_muluhisi3.o)
 .debug_aranges
                0x0000000000000158       0x20 c:/program files (x86)/avr-gcc-12.0.1/bin/../lib/gcc/avr/12.1.0/avr6\libgcc.a(_udivmodhi4.o)
 .debug_aranges
                0x0000000000000178       0x20 c:/program files (x86)/avr-gcc-12.0.1/bin/../lib/gcc/avr/12.1.0/avr6\libgcc.a(_udivmodsi4.o)
 .debug_aranges
                0x0000000000000198       0x20 c:/program files (x86)/avr-gcc-12.0.1/bin/../lib/gcc/avr/12.1.0/avr6\libgcc.a(_umulhisi3.o)

.debug_pubnames
 *(.debug_pubnames)

.debug_info     0x0000000000000000     0x1df0
 *(.debug_info .gnu.linkonce.wi.*)
 .debug_info    0x0000000000000000      0xbbc c:/program files (x86)/avr-gcc-12.0.1/bin/../lib/gcc/avr/12.1.0/../../../../avr/lib/avr6/crtatmega2560.o
 .debug_info    0x0000000000000bbc       0xa2 obj\Debug\fuse.o
 .debug_info    0x0000000000000c5e       0xd5 obj\Debug\h_bridge.o
 .debug_info    0x0000000000000d33       0xd5 obj\Debug\h_bridge2.o
 .debug_info    0x0000000000000e08       0xdd obj\Debug\h_bridge3.o
 .debug_info    0x0000000000000ee5      0xdc7 obj\Debug\main.o
 .debug_info    0x0000000000001cac       0x24 c:/program files (x86)/avr-gcc-12.0.1/bin/../lib/gcc/avr/12.1.0/avr6\libgcc.a(_divmodhi4.o)
 .debug_info    0x0000000000001cd0       0x24 c:/program files (x86)/avr-gcc-12.0.1/bin/../lib/gcc/avr/12.1.0/avr6\libgcc.a(_divmodsi4.o)
 .debug_info    0x0000000000001cf4       0x24 c:/program files (x86)/avr-gcc-12.0.1/bin/../lib/gcc/avr/12.1.0/avr6\libgcc.a(_negsi2.o)
 .debug_info    0x0000000000001d18       0x24 c:/program files (x86)/avr-gcc-12.0.1/bin/../lib/gcc/avr/12.1.0/avr6\libgcc.a(_exit.o)
 .debug_info    0x0000000000001d3c       0x24 c:/program files (x86)/avr-gcc-12.0.1/bin/../lib/gcc/avr/12.1.0/avr6\libgcc.a(_copy_data.o)
 .debug_info    0x0000000000001d60       0x24 c:/program files (x86)/avr-gcc-12.0.1/bin/../lib/gcc/avr/12.1.0/avr6\libgcc.a(_muluhisi3.o)
 .debug_info    0x0000000000001d84       0x24 c:/program files (x86)/avr-gcc-12.0.1/bin/../lib/gcc/avr/12.1.0/avr6\libgcc.a(_udivmodhi4.o)
 .debug_info    0x0000000000001da8       0x24 c:/program files (x86)/avr-gcc-12.0.1/bin/../lib/gcc/avr/12.1.0/avr6\libgcc.a(_udivmodsi4.o)
 .debug_info    0x0000000000001dcc       0x24 c:/program files (x86)/avr-gcc-12.0.1/bin/../lib/gcc/avr/12.1.0/avr6\libgcc.a(_umulhisi3.o)

.debug_abbrev   0x0000000000000000      0xf94
 *(.debug_abbrev)
 .debug_abbrev  0x0000000000000000      0xb1a c:/program files (x86)/avr-gcc-12.0.1/bin/../lib/gcc/avr/12.1.0/../../../../avr/lib/avr6/crtatmega2560.o
 .debug_abbrev  0x0000000000000b1a       0x7b obj\Debug\fuse.o
 .debug_abbrev  0x0000000000000b95       0x7f obj\Debug\h_bridge.o
 .debug_abbrev  0x0000000000000c14       0x7f obj\Debug\h_bridge2.o
 .debug_abbrev  0x0000000000000c93       0x81 obj\Debug\h_bridge3.o
 .debug_abbrev  0x0000000000000d14      0x1cc obj\Debug\main.o
 .debug_abbrev  0x0000000000000ee0       0x14 c:/program files (x86)/avr-gcc-12.0.1/bin/../lib/gcc/avr/12.1.0/avr6\libgcc.a(_divmodhi4.o)
 .debug_abbrev  0x0000000000000ef4       0x14 c:/program files (x86)/avr-gcc-12.0.1/bin/../lib/gcc/avr/12.1.0/avr6\libgcc.a(_divmodsi4.o)
 .debug_abbrev  0x0000000000000f08       0x14 c:/program files (x86)/avr-gcc-12.0.1/bin/../lib/gcc/avr/12.1.0/avr6\libgcc.a(_negsi2.o)
 .debug_abbrev  0x0000000000000f1c       0x14 c:/program files (x86)/avr-gcc-12.0.1/bin/../lib/gcc/avr/12.1.0/avr6\libgcc.a(_exit.o)
 .debug_abbrev  0x0000000000000f30       0x14 c:/program files (x86)/avr-gcc-12.0.1/bin/../lib/gcc/avr/12.1.0/avr6\libgcc.a(_copy_data.o)
 .debug_abbrev  0x0000000000000f44       0x14 c:/program files (x86)/avr-gcc-12.0.1/bin/../lib/gcc/avr/12.1.0/avr6\libgcc.a(_muluhisi3.o)
 .debug_abbrev  0x0000000000000f58       0x14 c:/program files (x86)/avr-gcc-12.0.1/bin/../lib/gcc/avr/12.1.0/avr6\libgcc.a(_udivmodhi4.o)
 .debug_abbrev  0x0000000000000f6c       0x14 c:/program files (x86)/avr-gcc-12.0.1/bin/../lib/gcc/avr/12.1.0/avr6\libgcc.a(_udivmodsi4.o)
 .debug_abbrev  0x0000000000000f80       0x14 c:/program files (x86)/avr-gcc-12.0.1/bin/../lib/gcc/avr/12.1.0/avr6\libgcc.a(_umulhisi3.o)

.debug_line     0x0000000000000000     0x2883
 *(.debug_line .debug_line.* .debug_line_end)
 .debug_line    0x0000000000000000       0x1d c:/program files (x86)/avr-gcc-12.0.1/bin/../lib/gcc/avr/12.1.0/../../../../avr/lib/avr6/crtatmega2560.o
 .debug_line    0x000000000000001d       0x3f obj\Debug\fuse.o
 .debug_line    0x000000000000005c      0x2e1 obj\Debug\h_bridge.o
 .debug_line    0x000000000000033d      0x2e1 obj\Debug\h_bridge2.o
 .debug_line    0x000000000000061e      0x2e1 obj\Debug\h_bridge3.o
 .debug_line    0x00000000000008ff     0x19ed obj\Debug\main.o
 .debug_line    0x00000000000022ec       0xb7 c:/program files (x86)/avr-gcc-12.0.1/bin/../lib/gcc/avr/12.1.0/avr6\libgcc.a(_divmodhi4.o)
 .debug_line    0x00000000000023a3       0xbd c:/program files (x86)/avr-gcc-12.0.1/bin/../lib/gcc/avr/12.1.0/avr6\libgcc.a(_divmodsi4.o)
 .debug_line    0x0000000000002460       0x51 c:/program files (x86)/avr-gcc-12.0.1/bin/../lib/gcc/avr/12.1.0/avr6\libgcc.a(_negsi2.o)
 .debug_line    0x00000000000024b1       0x51 c:/program files (x86)/avr-gcc-12.0.1/bin/../lib/gcc/avr/12.1.0/avr6\libgcc.a(_exit.o)
 .debug_line    0x0000000000002502       0x93 c:/program files (x86)/avr-gcc-12.0.1/bin/../lib/gcc/avr/12.1.0/avr6\libgcc.a(_copy_data.o)
 .debug_line    0x0000000000002595       0x81 c:/program files (x86)/avr-gcc-12.0.1/bin/../lib/gcc/avr/12.1.0/avr6\libgcc.a(_muluhisi3.o)
 .debug_line    0x0000000000002616       0xbd c:/program files (x86)/avr-gcc-12.0.1/bin/../lib/gcc/avr/12.1.0/avr6\libgcc.a(_udivmodhi4.o)
 .debug_line    0x00000000000026d3      0x111 c:/program files (x86)/avr-gcc-12.0.1/bin/../lib/gcc/avr/12.1.0/avr6\libgcc.a(_udivmodsi4.o)
 .debug_line    0x00000000000027e4       0x9f c:/program files (x86)/avr-gcc-12.0.1/bin/../lib/gcc/avr/12.1.0/avr6\libgcc.a(_umulhisi3.o)

.debug_frame    0x0000000000000000      0x3e8
 *(.debug_frame)
 .debug_frame   0x0000000000000000      0x114 obj\Debug\h_bridge.o
 .debug_frame   0x0000000000000114      0x114 obj\Debug\h_bridge2.o
 .debug_frame   0x0000000000000228      0x120 obj\Debug\h_bridge3.o
 .debug_frame   0x0000000000000348       0xa0 obj\Debug\main.o

.debug_str      0x0000000000000000      0x6af
 *(.debug_str)
 .debug_str     0x0000000000000000      0x3e9 c:/program files (x86)/avr-gcc-12.0.1/bin/../lib/gcc/avr/12.1.0/../../../../avr/lib/avr6/crtatmega2560.o
 .debug_str     0x00000000000003e9       0xa5 obj\Debug\fuse.o
                                         0xd9 (size before relaxing)
 .debug_str     0x000000000000048e       0x52 obj\Debug\h_bridge.o
                                        0x118 (size before relaxing)
 .debug_str     0x00000000000004e0       0x4c obj\Debug\h_bridge2.o
                                        0x11a (size before relaxing)
 .debug_str     0x000000000000052c       0x55 obj\Debug\h_bridge3.o
                                        0x123 (size before relaxing)
 .debug_str     0x0000000000000581       0xcf obj\Debug\main.o
                                        0x216 (size before relaxing)
 .debug_str     0x0000000000000650       0x5f c:/program files (x86)/avr-gcc-12.0.1/bin/../lib/gcc/avr/12.1.0/avr6\libgcc.a(_divmodhi4.o)
 .debug_str     0x00000000000006af       0x5f c:/program files (x86)/avr-gcc-12.0.1/bin/../lib/gcc/avr/12.1.0/avr6\libgcc.a(_divmodsi4.o)
 .debug_str     0x00000000000006af       0x5f c:/program files (x86)/avr-gcc-12.0.1/bin/../lib/gcc/avr/12.1.0/avr6\libgcc.a(_negsi2.o)
 .debug_str     0x00000000000006af       0x5f c:/program files (x86)/avr-gcc-12.0.1/bin/../lib/gcc/avr/12.1.0/avr6\libgcc.a(_exit.o)
 .debug_str     0x00000000000006af       0x5f c:/program files (x86)/avr-gcc-12.0.1/bin/../lib/gcc/avr/12.1.0/avr6\libgcc.a(_copy_data.o)
 .debug_str     0x00000000000006af       0x5f c:/program files (x86)/avr-gcc-12.0.1/bin/../lib/gcc/avr/12.1.0/avr6\libgcc.a(_muluhisi3.o)
 .debug_str     0x00000000000006af       0x5f c:/program files (x86)/avr-gcc-12.0.1/bin/../lib/gcc/avr/12.1.0/avr6\libgcc.a(_udivmodhi4.o)
 .debug_str     0x00000000000006af       0x5f c:/program files (x86)/avr-gcc-12.0.1/bin/../lib/gcc/avr/12.1.0/avr6\libgcc.a(_udivmodsi4.o)
 .debug_str     0x00000000000006af       0x5f c:/program files (x86)/avr-gcc-12.0.1/bin/../lib/gcc/avr/12.1.0/avr6\libgcc.a(_umulhisi3.o)

.debug_loc
 *(.debug_loc)

.debug_macinfo
 *(.debug_macinfo)

.debug_weaknames
 *(.debug_weaknames)

.debug_funcnames
 *(.debug_funcnames)

.debug_typenames
 *(.debug_typenames)

.debug_varnames
 *(.debug_varnames)

.debug_pubtypes
 *(.debug_pubtypes)

.debug_ranges
 *(.debug_ranges)

.debug_addr
 *(.debug_addr)

.debug_line_str
                0x0000000000000000      0x1a7
 *(.debug_line_str)
 .debug_line_str
                0x0000000000000000       0x97 obj\Debug\fuse.o
                                         0xf8 (size before relaxing)
 .debug_line_str
                0x0000000000000097       0x46 obj\Debug\h_bridge.o
                                        0x102 (size before relaxing)
 .debug_line_str
                0x00000000000000dd        0xc obj\Debug\h_bridge2.o
                                        0x105 (size before relaxing)
 .debug_line_str
                0x00000000000000e9        0xc obj\Debug\h_bridge3.o
                                        0x105 (size before relaxing)
 .debug_line_str
                0x00000000000000f5       0x5f obj\Debug\main.o
                                        0x14e (size before relaxing)
 .debug_line_str
                0x0000000000000154       0x53 c:/program files (x86)/avr-gcc-12.0.1/bin/../lib/gcc/avr/12.1.0/avr6\libgcc.a(_divmodhi4.o)
                                         0x5f (size before relaxing)
 .debug_line_str
                0x00000000000001a7       0x5f c:/program files (x86)/avr-gcc-12.0.1/bin/../lib/gcc/avr/12.1.0/avr6\libgcc.a(_divmodsi4.o)
 .debug_line_str
                0x00000000000001a7       0x5f c:/program files (x86)/avr-gcc-12.0.1/bin/../lib/gcc/avr/12.1.0/avr6\libgcc.a(_negsi2.o)
 .debug_line_str
                0x00000000000001a7       0x5f c:/program files (x86)/avr-gcc-12.0.1/bin/../lib/gcc/avr/12.1.0/avr6\libgcc.a(_exit.o)
 .debug_line_str
                0x00000000000001a7       0x5f c:/program files (x86)/avr-gcc-12.0.1/bin/../lib/gcc/avr/12.1.0/avr6\libgcc.a(_copy_data.o)
 .debug_line_str
                0x00000000000001a7       0x5f c:/program files (x86)/avr-gcc-12.0.1/bin/../lib/gcc/avr/12.1.0/avr6\libgcc.a(_muluhisi3.o)
 .debug_line_str
                0x00000000000001a7       0x5f c:/program files (x86)/avr-gcc-12.0.1/bin/../lib/gcc/avr/12.1.0/avr6\libgcc.a(_udivmodhi4.o)
 .debug_line_str
                0x00000000000001a7       0x5f c:/program files (x86)/avr-gcc-12.0.1/bin/../lib/gcc/avr/12.1.0/avr6\libgcc.a(_udivmodsi4.o)
 .debug_line_str
                0x00000000000001a7       0x5f c:/program files (x86)/avr-gcc-12.0.1/bin/../lib/gcc/avr/12.1.0/avr6\libgcc.a(_umulhisi3.o)

.debug_loclists
 *(.debug_loclists)

.debug_macro
 *(.debug_macro)

.debug_names
 *(.debug_names)

.debug_rnglists
 *(.debug_rnglists)

.debug_str_offsets
 *(.debug_str_offsets)

.debug_sup
 *(.debug_sup)
OUTPUT(bin\Debug\RotaryEncoder.elf elf32-avr)
LOAD linker stubs

Cross Reference Table

Symbol                                            File
__FUSE_REGION_LENGTH__                            c:/program files (x86)/avr-gcc-12.0.1/bin/../lib/gcc/avr/12.1.0/../../../../avr/lib/avr6/crtatmega2560.o
__bad_interrupt                                   c:/program files (x86)/avr-gcc-12.0.1/bin/../lib/gcc/avr/12.1.0/../../../../avr/lib/avr6/crtatmega2560.o
__cmpsf2                                          c:/program files (x86)/avr-gcc-12.0.1/bin/../lib/gcc/avr/12.1.0/../../../../avr/lib/avr6\libm.a(cmpsf2.o)
__data_end                                        c:/program files (x86)/avr-gcc-12.0.1/bin/../lib/gcc/avr/12.1.0/avr6\libgcc.a(_copy_data.o)
__data_load_start                                 c:/program files (x86)/avr-gcc-12.0.1/bin/../lib/gcc/avr/12.1.0/avr6\libgcc.a(_copy_data.o)
__data_start                                      c:/program files (x86)/avr-gcc-12.0.1/bin/../lib/gcc/avr/12.1.0/avr6\libgcc.a(_copy_data.o)
__divmodhi4                                       c:/program files (x86)/avr-gcc-12.0.1/bin/../lib/gcc/avr/12.1.0/avr6\libgcc.a(_divmodhi4.o)
                                                  obj\Debug\h_bridge2.o
                                                  obj\Debug\h_bridge.o
__divmodsi4                                       c:/program files (x86)/avr-gcc-12.0.1/bin/../lib/gcc/avr/12.1.0/avr6\libgcc.a(_divmodsi4.o)
                                                  obj\Debug\h_bridge3.o
__do_copy_data                                    c:/program files (x86)/avr-gcc-12.0.1/bin/../lib/gcc/avr/12.1.0/avr6\libgcc.a(_copy_data.o)
                                                  obj\Debug\main.o
__eqsf2                                           c:/program files (x86)/avr-gcc-12.0.1/bin/../lib/gcc/avr/12.1.0/../../../../avr/lib/avr6\libm.a(cmpsf2.o)
__fixunssfsi                                      c:/program files (x86)/avr-gcc-12.0.1/bin/../lib/gcc/avr/12.1.0/../../../../avr/lib/avr6\libm.a(fixunssfsi.o)
                                                  obj\Debug\main.o
__fp_cmp                                          c:/program files (x86)/avr-gcc-12.0.1/bin/../lib/gcc/avr/12.1.0/../../../../avr/lib/avr6\libm.a(fp_cmp.o)
                                                  c:/program files (x86)/avr-gcc-12.0.1/bin/../lib/gcc/avr/12.1.0/../../../../avr/lib/avr6\libm.a(gesf2.o)
                                                  c:/program files (x86)/avr-gcc-12.0.1/bin/../lib/gcc/avr/12.1.0/../../../../avr/lib/avr6\libm.a(cmpsf2.o)
__fp_inf                                          c:/program files (x86)/avr-gcc-12.0.1/bin/../lib/gcc/avr/12.1.0/../../../../avr/lib/avr6\libm.a(fp_inf.o)
                                                  c:/program files (x86)/avr-gcc-12.0.1/bin/../lib/gcc/avr/12.1.0/../../../../avr/lib/avr6\libm.a(mulsf3x.o)
__fp_nan                                          c:/program files (x86)/avr-gcc-12.0.1/bin/../lib/gcc/avr/12.1.0/../../../../avr/lib/avr6\libm.a(fp_nan.o)
                                                  c:/program files (x86)/avr-gcc-12.0.1/bin/../lib/gcc/avr/12.1.0/../../../../avr/lib/avr6\libm.a(mulsf3x.o)
__fp_pscA                                         c:/program files (x86)/avr-gcc-12.0.1/bin/../lib/gcc/avr/12.1.0/../../../../avr/lib/avr6\libm.a(fp_pscA.o)
                                                  c:/program files (x86)/avr-gcc-12.0.1/bin/../lib/gcc/avr/12.1.0/../../../../avr/lib/avr6\libm.a(mulsf3x.o)
__fp_pscB                                         c:/program files (x86)/avr-gcc-12.0.1/bin/../lib/gcc/avr/12.1.0/../../../../avr/lib/avr6\libm.a(fp_pscB.o)
                                                  c:/program files (x86)/avr-gcc-12.0.1/bin/../lib/gcc/avr/12.1.0/../../../../avr/lib/avr6\libm.a(mulsf3x.o)
__fp_round                                        c:/program files (x86)/avr-gcc-12.0.1/bin/../lib/gcc/avr/12.1.0/../../../../avr/lib/avr6\libm.a(fp_round.o)
                                                  c:/program files (x86)/avr-gcc-12.0.1/bin/../lib/gcc/avr/12.1.0/../../../../avr/lib/avr6\libm.a(mulsf3.o)
__fp_split3                                       c:/program files (x86)/avr-gcc-12.0.1/bin/../lib/gcc/avr/12.1.0/../../../../avr/lib/avr6\libm.a(fp_split3.o)
                                                  c:/program files (x86)/avr-gcc-12.0.1/bin/../lib/gcc/avr/12.1.0/../../../../avr/lib/avr6\libm.a(mulsf3x.o)
__fp_splitA                                       c:/program files (x86)/avr-gcc-12.0.1/bin/../lib/gcc/avr/12.1.0/../../../../avr/lib/avr6\libm.a(fp_split3.o)
                                                  c:/program files (x86)/avr-gcc-12.0.1/bin/../lib/gcc/avr/12.1.0/../../../../avr/lib/avr6\libm.a(fixunssfsi.o)
__fp_szero                                        c:/program files (x86)/avr-gcc-12.0.1/bin/../lib/gcc/avr/12.1.0/../../../../avr/lib/avr6\libm.a(fp_zero.o)
                                                  c:/program files (x86)/avr-gcc-12.0.1/bin/../lib/gcc/avr/12.1.0/../../../../avr/lib/avr6\libm.a(mulsf3x.o)
__fp_zero                                         c:/program files (x86)/avr-gcc-12.0.1/bin/../lib/gcc/avr/12.1.0/../../../../avr/lib/avr6\libm.a(fp_zero.o)
                                                  c:/program files (x86)/avr-gcc-12.0.1/bin/../lib/gcc/avr/12.1.0/../../../../avr/lib/avr6\libm.a(fixunssfsi.o)
__fuse                                            obj\Debug\fuse.o
__gesf2                                           c:/program files (x86)/avr-gcc-12.0.1/bin/../lib/gcc/avr/12.1.0/../../../../avr/lib/avr6\libm.a(gesf2.o)
__gtsf2                                           c:/program files (x86)/avr-gcc-12.0.1/bin/../lib/gcc/avr/12.1.0/../../../../avr/lib/avr6\libm.a(gesf2.o)
                                                  obj\Debug\main.o
__heap_end                                        c:/program files (x86)/avr-gcc-12.0.1/bin/../lib/gcc/avr/12.1.0/../../../../avr/lib/avr6/crtatmega2560.o
__init                                            c:/program files (x86)/avr-gcc-12.0.1/bin/../lib/gcc/avr/12.1.0/../../../../avr/lib/avr6/crtatmega2560.o
__lesf2                                           c:/program files (x86)/avr-gcc-12.0.1/bin/../lib/gcc/avr/12.1.0/../../../../avr/lib/avr6\libm.a(cmpsf2.o)
__ltsf2                                           c:/program files (x86)/avr-gcc-12.0.1/bin/../lib/gcc/avr/12.1.0/../../../../avr/lib/avr6\libm.a(cmpsf2.o)
                                                  obj\Debug\main.o
__mulsf3                                          c:/program files (x86)/avr-gcc-12.0.1/bin/../lib/gcc/avr/12.1.0/../../../../avr/lib/avr6\libm.a(mulsf3.o)
                                                  obj\Debug\main.o
__mulsf3_pse                                      c:/program files (x86)/avr-gcc-12.0.1/bin/../lib/gcc/avr/12.1.0/../../../../avr/lib/avr6\libm.a(mulsf3x.o)
__mulsf3x                                         c:/program files (x86)/avr-gcc-12.0.1/bin/../lib/gcc/avr/12.1.0/../../../../avr/lib/avr6\libm.a(mulsf3x.o)
                                                  c:/program files (x86)/avr-gcc-12.0.1/bin/../lib/gcc/avr/12.1.0/../../../../avr/lib/avr6\libm.a(mulsf3.o)
__muluhisi3                                       c:/program files (x86)/avr-gcc-12.0.1/bin/../lib/gcc/avr/12.1.0/avr6\libgcc.a(_muluhisi3.o)
                                                  obj\Debug\h_bridge3.o
__negsi2                                          c:/program files (x86)/avr-gcc-12.0.1/bin/../lib/gcc/avr/12.1.0/avr6\libgcc.a(_negsi2.o)
                                                  c:/program files (x86)/avr-gcc-12.0.1/bin/../lib/gcc/avr/12.1.0/avr6\libgcc.a(_divmodsi4.o)
__nesf2                                           c:/program files (x86)/avr-gcc-12.0.1/bin/../lib/gcc/avr/12.1.0/../../../../avr/lib/avr6\libm.a(cmpsf2.o)
__stack                                           c:/program files (x86)/avr-gcc-12.0.1/bin/../lib/gcc/avr/12.1.0/../../../../avr/lib/avr6/crtatmega2560.o
__udivmodhi4                                      c:/program files (x86)/avr-gcc-12.0.1/bin/../lib/gcc/avr/12.1.0/avr6\libgcc.a(_udivmodhi4.o)
                                                  c:/program files (x86)/avr-gcc-12.0.1/bin/../lib/gcc/avr/12.1.0/avr6\libgcc.a(_divmodhi4.o)
__udivmodsi4                                      c:/program files (x86)/avr-gcc-12.0.1/bin/../lib/gcc/avr/12.1.0/avr6\libgcc.a(_udivmodsi4.o)
                                                  c:/program files (x86)/avr-gcc-12.0.1/bin/../lib/gcc/avr/12.1.0/avr6\libgcc.a(_divmodsi4.o)
__umulhisi3                                       c:/program files (x86)/avr-gcc-12.0.1/bin/../lib/gcc/avr/12.1.0/avr6\libgcc.a(_umulhisi3.o)
                                                  c:/program files (x86)/avr-gcc-12.0.1/bin/../lib/gcc/avr/12.1.0/avr6\libgcc.a(_muluhisi3.o)
__vector_1                                        c:/program files (x86)/avr-gcc-12.0.1/bin/../lib/gcc/avr/12.1.0/../../../../avr/lib/avr6/crtatmega2560.o
__vector_10                                       c:/program files (x86)/avr-gcc-12.0.1/bin/../lib/gcc/avr/12.1.0/../../../../avr/lib/avr6/crtatmega2560.o
__vector_11                                       c:/program files (x86)/avr-gcc-12.0.1/bin/../lib/gcc/avr/12.1.0/../../../../avr/lib/avr6/crtatmega2560.o
__vector_12                                       c:/program files (x86)/avr-gcc-12.0.1/bin/../lib/gcc/avr/12.1.0/../../../../avr/lib/avr6/crtatmega2560.o
__vector_13                                       obj\Debug\h_bridge2.o
                                                  c:/program files (x86)/avr-gcc-12.0.1/bin/../lib/gcc/avr/12.1.0/../../../../avr/lib/avr6/crtatmega2560.o
__vector_14                                       obj\Debug\h_bridge2.o
                                                  c:/program files (x86)/avr-gcc-12.0.1/bin/../lib/gcc/avr/12.1.0/../../../../avr/lib/avr6/crtatmega2560.o
__vector_15                                       obj\Debug\h_bridge2.o
                                                  c:/program files (x86)/avr-gcc-12.0.1/bin/../lib/gcc/avr/12.1.0/../../../../avr/lib/avr6/crtatmega2560.o
__vector_16                                       c:/program files (x86)/avr-gcc-12.0.1/bin/../lib/gcc/avr/12.1.0/../../../../avr/lib/avr6/crtatmega2560.o
__vector_17                                       obj\Debug\h_bridge3.o
                                                  c:/program files (x86)/avr-gcc-12.0.1/bin/../lib/gcc/avr/12.1.0/../../../../avr/lib/avr6/crtatmega2560.o
__vector_18                                       obj\Debug\h_bridge3.o
                                                  c:/program files (x86)/avr-gcc-12.0.1/bin/../lib/gcc/avr/12.1.0/../../../../avr/lib/avr6/crtatmega2560.o
__vector_19                                       c:/program files (x86)/avr-gcc-12.0.1/bin/../lib/gcc/avr/12.1.0/../../../../avr/lib/avr6/crtatmega2560.o
__vector_2                                        c:/program files (x86)/avr-gcc-12.0.1/bin/../lib/gcc/avr/12.1.0/../../../../avr/lib/avr6/crtatmega2560.o
__vector_20                                       obj\Debug\h_bridge3.o
                                                  c:/program files (x86)/avr-gcc-12.0.1/bin/../lib/gcc/avr/12.1.0/../../../../avr/lib/avr6/crtatmega2560.o
__vector_21                                       obj\Debug\h_bridge.o
                                                  c:/program files (x86)/avr-gcc-12.0.1/bin/../lib/gcc/avr/12.1.0/../../../../avr/lib/avr6/crtatmega2560.o
__vector_22                                       obj\Debug\h_bridge.o
                                                  c:/program files (x86)/avr-gcc-12.0.1/bin/../lib/gcc/avr/12.1.0/../../../../avr/lib/avr6/crtatmega2560.o
__vector_23                                       obj\Debug\h_bridge.o
                                                  c:/program files (x86)/avr-gcc-12.0.1/bin/../lib/gcc/avr/12.1.0/../../../../avr/lib/avr6/crtatmega2560.o
__vector_24                                       c:/program files (x86)/avr-gcc-12.0.1/bin/../lib/gcc/avr/12.1.0/../../../../avr/lib/avr6/crtatmega2560.o
__vector_25                                       c:/program files (x86)/avr-gcc-12.0.1/bin/../lib/gcc/avr/12.1.0/../../../../avr/lib/avr6/crtatmega2560.o
__vector_26                                       c:/program files (x86)/avr-gcc-12.0.1/bin/../lib/gcc/avr/12.1.0/../../../../avr/lib/avr6/crtatmega2560.o
__vector_27                                       c:/program files (x86)/avr-gcc-12.0.1/bin/../lib/gcc/avr/12.1.0/../../../../avr/lib/avr6/crtatmega2560.o
__vector_28                                       c:/program files (x86)/avr-gcc-12.0.1/bin/../lib/gcc/avr/12.1.0/../../../../avr/lib/avr6/crtatmega2560.o
__vector_29                                       c:/program files (x86)/avr-gcc-12.0.1/bin/../lib/gcc/avr/12.1.0/../../../../avr/lib/avr6/crtatmega2560.o
__vector_3                                        c:/program files (x86)/avr-gcc-12.0.1/bin/../lib/gcc/avr/12.1.0/../../../../avr/lib/avr6/crtatmega2560.o
__vector_30                                       c:/program files (x86)/avr-gcc-12.0.1/bin/../lib/gcc/avr/12.1.0/../../../../avr/lib/avr6/crtatmega2560.o
__vector_31                                       c:/program files (x86)/avr-gcc-12.0.1/bin/../lib/gcc/avr/12.1.0/../../../../avr/lib/avr6/crtatmega2560.o
__vector_32                                       c:/program files (x86)/avr-gcc-12.0.1/bin/../lib/gcc/avr/12.1.0/../../../../avr/lib/avr6/crtatmega2560.o
__vector_33                                       c:/program files (x86)/avr-gcc-12.0.1/bin/../lib/gcc/avr/12.1.0/../../../../avr/lib/avr6/crtatmega2560.o
__vector_34                                       c:/program files (x86)/avr-gcc-12.0.1/bin/../lib/gcc/avr/12.1.0/../../../../avr/lib/avr6/crtatmega2560.o
__vector_35                                       c:/program files (x86)/avr-gcc-12.0.1/bin/../lib/gcc/avr/12.1.0/../../../../avr/lib/avr6/crtatmega2560.o
__vector_36                                       c:/program files (x86)/avr-gcc-12.0.1/bin/../lib/gcc/avr/12.1.0/../../../../avr/lib/avr6/crtatmega2560.o
__vector_37                                       c:/program files (x86)/avr-gcc-12.0.1/bin/../lib/gcc/avr/12.1.0/../../../../avr/lib/avr6/crtatmega2560.o
__vector_38                                       c:/program files (x86)/avr-gcc-12.0.1/bin/../lib/gcc/avr/12.1.0/../../../../avr/lib/avr6/crtatmega2560.o
__vector_39                                       c:/program files (x86)/avr-gcc-12.0.1/bin/../lib/gcc/avr/12.1.0/../../../../avr/lib/avr6/crtatmega2560.o
__vector_4                                        c:/program files (x86)/avr-gcc-12.0.1/bin/../lib/gcc/avr/12.1.0/../../../../avr/lib/avr6/crtatmega2560.o
__vector_40                                       c:/program files (x86)/avr-gcc-12.0.1/bin/../lib/gcc/avr/12.1.0/../../../../avr/lib/avr6/crtatmega2560.o
__vector_41                                       c:/program files (x86)/avr-gcc-12.0.1/bin/../lib/gcc/avr/12.1.0/../../../../avr/lib/avr6/crtatmega2560.o
__vector_42                                       c:/program files (x86)/avr-gcc-12.0.1/bin/../lib/gcc/avr/12.1.0/../../../../avr/lib/avr6/crtatmega2560.o
__vector_43                                       c:/program files (x86)/avr-gcc-12.0.1/bin/../lib/gcc/avr/12.1.0/../../../../avr/lib/avr6/crtatmega2560.o
__vector_44                                       c:/program files (x86)/avr-gcc-12.0.1/bin/../lib/gcc/avr/12.1.0/../../../../avr/lib/avr6/crtatmega2560.o
__vector_45                                       c:/program files (x86)/avr-gcc-12.0.1/bin/../lib/gcc/avr/12.1.0/../../../../avr/lib/avr6/crtatmega2560.o
__vector_46                                       c:/program files (x86)/avr-gcc-12.0.1/bin/../lib/gcc/avr/12.1.0/../../../../avr/lib/avr6/crtatmega2560.o
__vector_47                                       c:/program files (x86)/avr-gcc-12.0.1/bin/../lib/gcc/avr/12.1.0/../../../../avr/lib/avr6/crtatmega2560.o
__vector_48                                       c:/program files (x86)/avr-gcc-12.0.1/bin/../lib/gcc/avr/12.1.0/../../../../avr/lib/avr6/crtatmega2560.o
__vector_49                                       c:/program files (x86)/avr-gcc-12.0.1/bin/../lib/gcc/avr/12.1.0/../../../../avr/lib/avr6/crtatmega2560.o
__vector_5                                        c:/program files (x86)/avr-gcc-12.0.1/bin/../lib/gcc/avr/12.1.0/../../../../avr/lib/avr6/crtatmega2560.o
__vector_50                                       c:/program files (x86)/avr-gcc-12.0.1/bin/../lib/gcc/avr/12.1.0/../../../../avr/lib/avr6/crtatmega2560.o
__vector_51                                       c:/program files (x86)/avr-gcc-12.0.1/bin/../lib/gcc/avr/12.1.0/../../../../avr/lib/avr6/crtatmega2560.o
__vector_52                                       c:/program files (x86)/avr-gcc-12.0.1/bin/../lib/gcc/avr/12.1.0/../../../../avr/lib/avr6/crtatmega2560.o
__vector_53                                       c:/program files (x86)/avr-gcc-12.0.1/bin/../lib/gcc/avr/12.1.0/../../../../avr/lib/avr6/crtatmega2560.o
__vector_54                                       c:/program files (x86)/avr-gcc-12.0.1/bin/../lib/gcc/avr/12.1.0/../../../../avr/lib/avr6/crtatmega2560.o
__vector_55                                       c:/program files (x86)/avr-gcc-12.0.1/bin/../lib/gcc/avr/12.1.0/../../../../avr/lib/avr6/crtatmega2560.o
__vector_56                                       c:/program files (x86)/avr-gcc-12.0.1/bin/../lib/gcc/avr/12.1.0/../../../../avr/lib/avr6/crtatmega2560.o
__vector_6                                        c:/program files (x86)/avr-gcc-12.0.1/bin/../lib/gcc/avr/12.1.0/../../../../avr/lib/avr6/crtatmega2560.o
__vector_7                                        c:/program files (x86)/avr-gcc-12.0.1/bin/../lib/gcc/avr/12.1.0/../../../../avr/lib/avr6/crtatmega2560.o
__vector_8                                        c:/program files (x86)/avr-gcc-12.0.1/bin/../lib/gcc/avr/12.1.0/../../../../avr/lib/avr6/crtatmega2560.o
__vector_9                                        c:/program files (x86)/avr-gcc-12.0.1/bin/../lib/gcc/avr/12.1.0/../../../../avr/lib/avr6/crtatmega2560.o
__vector_default                                  c:/program files (x86)/avr-gcc-12.0.1/bin/../lib/gcc/avr/12.1.0/../../../../avr/lib/avr6/crtatmega2560.o
__vectors                                         c:/program files (x86)/avr-gcc-12.0.1/bin/../lib/gcc/avr/12.1.0/../../../../avr/lib/avr6/crtatmega2560.o
_div                                              c:/program files (x86)/avr-gcc-12.0.1/bin/../lib/gcc/avr/12.1.0/avr6\libgcc.a(_divmodhi4.o)
_exit                                             c:/program files (x86)/avr-gcc-12.0.1/bin/../lib/gcc/avr/12.1.0/avr6\libgcc.a(_exit.o)
exit                                              c:/program files (x86)/avr-gcc-12.0.1/bin/../lib/gcc/avr/12.1.0/avr6\libgcc.a(_exit.o)
                                                  c:/program files (x86)/avr-gcc-12.0.1/bin/../lib/gcc/avr/12.1.0/../../../../avr/lib/avr6/crtatmega2560.o
h_bridge_set_percentage                           obj\Debug\h_bridge.o
                                                  obj\Debug\main.o
h_bridge_set_percentage2                          obj\Debug\h_bridge2.o
                                                  obj\Debug\main.o
h_bridge_set_percentage3                          obj\Debug\h_bridge3.o
                                                  obj\Debug\main.o
init                                              obj\Debug\main.o
init_LED                                          obj\Debug\main.o
init_h_bridge                                     obj\Debug\h_bridge.o
                                                  obj\Debug\main.o
init_h_bridge2                                    obj\Debug\h_bridge2.o
                                                  obj\Debug\main.o
init_h_bridge3                                    obj\Debug\h_bridge3.o
                                                  obj\Debug\main.o
init_knoppen                                      obj\Debug\main.o
main                                              obj\Debug\main.o
                                                  c:/program files (x86)/avr-gcc-12.0.1/bin/../lib/gcc/avr/12.1.0/../../../../avr/lib/avr6/crtatmega2560.o
